 
****************************************
Report : qor
Design : PIM_ALU_SYN_top
Version: M-2016.12-SP5-3
Date   : Fri Jul 10 00:49:37 2020
****************************************


  Timing Path Group 'clk_ext'
  -----------------------------------
  Levels of Logic:             44.000
  Critical Path Length:         7.042
  Critical Path Slack:         12.821
  Critical Path Clk Period:    20.000
  Total Negative Slack:         0.000
  No. of Violating Paths:       0.000
  Worst Hold Violation:        -0.010
  Total Hold Violation:       -10.301
  No. of Hold Violations:    1044.000
  -----------------------------------


  Cell Count
  -----------------------------------
  Hierarchical Cell Count:          1
  Hierarchical Port Count:       1617
  Leaf Cell Count:              15275
  Buf/Inv Cell Count:            3266
  Buf Cell Count:                 542
  Inv Cell Count:                2724
  CT Buf/Inv Cell Count:            0
  Combinational Cell Count:     12054
  Sequential Cell Count:         3221
  Macro Count:                      0
  -----------------------------------


  Area
  -----------------------------------
  Combinational Area:       24859.520
  Noncombinational Area:    27829.441
  Buf/Inv Area:              3308.800
  Total Buffer Area:          693.760
  Total Inverter Area:       2615.040
  Macro/Black Box Area:         0.000
  Net Area:                     0.000
  -----------------------------------
  Cell Area:                52688.961
  Design Area:              52688.961


  Design Rules
  -----------------------------------
  Total Number of Nets:         16908
  Nets With Violations:             0
  Max Trans Violations:             0
  Max Cap Violations:               0
  -----------------------------------


  Hostname: hades

  Compile CPU Statistics
  -----------------------------------------
  Resource Sharing:                   0.012
  Logic Optimization:                 1.066
  Mapping Optimization:               9.115
  -----------------------------------------
  Overall Compile Time:              25.581
  Overall Compile Wall Clock Time:   20.377

  --------------------------------------------------------------------

  Design  WNS: 0.000  TNS: 0.000  Number of Violating Paths: 0


  Design (Hold)  WNS: 0.010  TNS: 10.301  Number of Violating Paths: 1044

  --------------------------------------------------------------------


1
